
> supaeval-dashboards@0.0.0 build
> tsc -b && vite build

src/pages/datasets/components/TraceDetailModal.tsx(3,72): error TS6133: 'Play' is declared but its value is never read.
src/pages/evaluations/TracesPage.tsx(336,57): error TS2322: Type '"link"' is not assignable to type '"default" | "secondary" | "outline" | "ghost" | "destructive" | undefined'.
